// Vitest Snapshot v1

exports[`components / Counter > should match the snapshot 1`] = `
<DocumentFragment>
  <div
    class="row"
  >
    <div
      class="col-12"
    >
      <button
        aria-label="Increment value"
        class="btn btn-success"
        data-testid="add-button"
      >
        <svg
          aria-hidden="true"
          class="svg-inline--fa fa-plus "
          data-icon="plus"
          data-prefix="fas"
          focusable="false"
          role="img"
          viewBox="0 0 448 512"
          xmlns="http://www.w3.org/2000/svg"
        >
          <path
            d="M256 80c0-17.7-14.3-32-32-32s-32 14.3-32 32V224H48c-17.7 0-32 14.3-32 32s14.3 32 32 32H192V432c0 17.7 14.3 32 32 32s32-14.3 32-32V288H400c17.7 0 32-14.3 32-32s-14.3-32-32-32H256V80z"
            fill="currentColor"
          />
        </svg>
      </button>
      <span
        class="mx-5 fw-bold fs-3"
        data-testid="output-display"
      >
        0
      </span>
      <button
        aria-label="Decrement value"
        class="btn btn-danger"
        data-testid="subtract-button"
      >
        <svg
          aria-hidden="true"
          class="svg-inline--fa fa-minus "
          data-icon="minus"
          data-prefix="fas"
          focusable="false"
          role="img"
          viewBox="0 0 448 512"
          xmlns="http://www.w3.org/2000/svg"
        >
          <path
            d="M432 256c0 17.7-14.3 32-32 32L48 288c-17.7 0-32-14.3-32-32s14.3-32 32-32l352 0c17.7 0 32 14.3 32 32z"
            fill="currentColor"
          />
        </svg>
      </button>
    </div>
  </div>
</DocumentFragment>
`;
